../Core/Src/mt25ql512abb.c:65:24:MT25QU02_Handler_Init	16	static
../Core/Src/mt25ql512abb.c:77:6:MT25QU02_Update	12	static
../Core/Src/mt25ql512abb.c:82:24:MT25QU02_GetHandle	16	static
../Core/Src/mt25ql512abb.c:87:9:MT25QU02_Init	56	static
../Core/Src/mt25ql512abb.c:122:9:MT25QU02_AutoPollingMemReady	112	static
../Core/Src/mt25ql512abb.c:192:9:MT25QU02_ReadSTR	128	static
../Core/Src/mt25ql512abb.c:308:9:MT25QU02_ReadDTR	128	static
../Core/Src/mt25ql512abb.c:422:9:MT25QU02_PageProgram	128	static
../Core/Src/mt25ql512abb.c:536:9:MT25QU02_BlockErase	104	static
../Core/Src/mt25ql512abb.c:636:10:MT25QU02_DieErase	104	static
../Core/Src/mt25ql512abb.c:688:9:MT25QU02_EnableMemoryMappedModeSTR	128	static
../Core/Src/mt25ql512abb.c:806:9:MT25QU02_EnableMemoryMappedModeDTR	128	static
../Core/Src/mt25ql512abb.c:923:9:MT25QU02_WriteEnable	120	static
../Core/Src/mt25ql512abb.c:602:9:MT25QU02_Erase_Sector	16	static
../Core/Src/mt25ql512abb.c:1166:10:MT25QU02_EnterQPIMode	136	static
../Core/Src/mt25ql512abb.c:1215:10:MT25QU02_ExitQPIMode	136	static
../Core/Src/mt25ql512abb.c:1263:9:MT25QU02_Enter4BytesAddressMode	96	static
../Core/Src/mt25ql512abb.c:1299:9:MT25QU02_Exit4BytesAddressMode	96	static
../Core/Src/mt25ql512abb.c:1340:9:MT25QU02_ReadID	96	static
../Core/Src/mt25ql512abb.c:1448:9:MT25QU02_ReadFlagStatusRegister	96	static
